[2026-09-02 11:35:10] [INFO] Full backup deleted: lumora-backup-todelete-6a9809ee307c6.zip
[2026-09-02 11:35:10] [INFO] Full backup deleted: lumora-backup-remove-6a9809ee30a85.zip
[2026-09-02 11:35:21] [WARNING] Update session force-aborted by administrator
[2026-09-02 11:35:21] [INFO] SHA-256 verified for v1.0.0-phptest-6a9809f9ea9e4
[2026-09-02 11:35:21] [ERROR] SHA-256 mismatch — expected 0000000000000000000000000000000000000000000000000000000000000000, got d014564ca41dd00a8abe21cfa59f4d5f5d26534ff744fef0502bb817eab94b50
[2026-09-02 11:35:21] [WARNING] No SHA-256 available for v0.0.0-phptest-6a9809f9eaefb; integrity check skipped
[2026-09-02 11:35:21] [WARNING] No SHA-256 available for v0.0.0-phptest-6a9809f9eb238; integrity check skipped
[2026-09-02 11:35:21] [INFO] Extracted 3 entries to /workspace/LumoraGallery/cache/.updates/extract/
[2026-09-02 11:35:21] [INFO] Downloading v0.0.0-phptest-6a9809f9ec202 from https://example.invalid/lumora-v1.0.0.zip
[2026-09-02 11:35:21] [INFO] Downloaded 18 B to /workspace/LumoraGallery/cache/.updates/lumora-v0.0.0-phptest-6a9809f9ec202.zip
[2026-09-02 11:35:21] [INFO] Downloading v0.0.0-phptest-6a9809f9ec3cc from https://example.invalid/lumora-v1.0.0.zip
[2026-09-02 11:35:21] [ERROR] Download failed from https://example.invalid/lumora-v1.0.0.zip
[2026-09-02 11:35:21] [INFO] Downloading v0.0.0-phptest-6a9809f9ec550 from https://example.invalid/lumora-v1.0.0.zip
[2026-09-02 11:35:21] [ERROR] Download failed from https://example.invalid/lumora-v1.0.0.zip
[2026-09-02 11:35:21] [INFO] Archive already present at /workspace/LumoraGallery/cache/.updates/lumora-v0.0.0-phptest-6a9809f9ec6e4.zip; skipping download
[2026-09-02 11:35:21] [INFO] Archive already present at /workspace/LumoraGallery/cache/.updates/lumora-v0.0.0-phptest-6a9809f9ec91f.zip; skipping download
[2026-09-02 11:35:21] [INFO] Preflight passed for v9.9.9-phptest via GitHub Releases
[2026-09-02 11:35:21] [INFO] Preflight passed for v3.3.3-phptest via GitHub Releases
[2026-09-02 11:35:21] [INFO] Manual ZIP upload accepted for v9.8.7 (2 entries)
[2026-09-02 11:35:21] [INFO] Manual ZIP upload accepted for v9.8.8 (1 entries)
[2026-09-02 11:35:21] [INFO] Manual ZIP upload accepted for v9.8.9 (1 entries)
[2026-09-02 11:35:21] [INFO] Standalone download of v1.0.0-phptest-6a9809f9eeadd from https://github.com/intothisshadow/LumoraGallery/archive/refs/tags/v1.0.0-phptest-6a9809f9eeadd.zip
[2026-09-02 11:35:21] [INFO] Standalone download+verify completed for v1.0.0-phptest-6a9809f9eeadd
[2026-09-02 11:35:21] [INFO] Standalone download of v1.0.1-phptest-6a9809f9eeebb from https://github.com/intothisshadow/LumoraGallery/archive/refs/tags/v1.0.1-phptest-6a9809f9eeebb.zip
[2026-09-02 11:35:21] [ERROR] Standalone download failed from https://github.com/intothisshadow/LumoraGallery/archive/refs/tags/v1.0.1-phptest-6a9809f9eeebb.zip
[2026-09-02 11:35:21] [INFO] Standalone download of v1.0.2-phptest-6a9809f9eefe8 from https://github.com/intothisshadow/LumoraGallery/archive/refs/tags/v1.0.2-phptest-6a9809f9eefe8.zip
[2026-09-02 11:35:21] [INFO] Standalone download+verify completed for v1.0.2-phptest-6a9809f9eefe8
[2026-09-02 11:35:36] [INFO] Full backup deleted: lumora-backup-todelete-6a980a08b8fad.zip
[2026-09-02 11:35:36] [INFO] Full backup deleted: lumora-backup-remove-6a980a08b923e.zip
[2026-09-02 11:35:48] [WARNING] Update session force-aborted by administrator
[2026-09-02 11:35:48] [INFO] SHA-256 verified for v1.0.0-phptest-6a980a144dee3
[2026-09-02 11:35:48] [ERROR] SHA-256 mismatch — expected 0000000000000000000000000000000000000000000000000000000000000000, got 8d96fb91a6e9135ee3aacaf0fcd49601f558424a2e661a25e8ebb61984d73fd0
[2026-09-02 11:35:48] [WARNING] No SHA-256 available for v0.0.0-phptest-6a980a144e2fc; integrity check skipped
[2026-09-02 11:35:48] [WARNING] No SHA-256 available for v0.0.0-phptest-6a980a144e5b2; integrity check skipped
[2026-09-02 11:35:48] [INFO] Extracted 3 entries to /workspace/LumoraGallery/cache/.updates/extract/
[2026-09-02 11:35:48] [INFO] Downloading v0.0.0-phptest-6a980a144f3c7 from https://example.invalid/lumora-v1.0.0.zip
[2026-09-02 11:35:48] [INFO] Downloaded 18 B to /workspace/LumoraGallery/cache/.updates/lumora-v0.0.0-phptest-6a980a144f3c7.zip
[2026-09-02 11:35:48] [INFO] Downloading v0.0.0-phptest-6a980a144f59d from https://example.invalid/lumora-v1.0.0.zip
[2026-09-02 11:35:48] [ERROR] Download failed from https://example.invalid/lumora-v1.0.0.zip
[2026-09-02 11:35:48] [INFO] Downloading v0.0.0-phptest-6a980a144f6ed from https://example.invalid/lumora-v1.0.0.zip
[2026-09-02 11:35:48] [ERROR] Download failed from https://example.invalid/lumora-v1.0.0.zip
[2026-09-02 11:35:48] [INFO] Archive already present at /workspace/LumoraGallery/cache/.updates/lumora-v0.0.0-phptest-6a980a144f839.zip; skipping download
[2026-09-02 11:35:48] [INFO] Archive already present at /workspace/LumoraGallery/cache/.updates/lumora-v0.0.0-phptest-6a980a144f99f.zip; skipping download
[2026-09-02 11:35:48] [INFO] Preflight passed for v9.9.9-phptest via GitHub Releases
[2026-09-02 11:35:48] [INFO] Preflight passed for v3.3.3-phptest via GitHub Releases
[2026-09-02 11:35:48] [INFO] Manual ZIP upload accepted for v9.8.7 (2 entries)
[2026-09-02 11:35:48] [INFO] Manual ZIP upload accepted for v9.8.8 (1 entries)
[2026-09-02 11:35:48] [INFO] Manual ZIP upload accepted for v9.8.9 (1 entries)
[2026-09-02 11:35:48] [INFO] Standalone download of v1.0.0-phptest-6a980a14513f6 from https://github.com/intothisshadow/LumoraGallery/archive/refs/tags/v1.0.0-phptest-6a980a14513f6.zip
[2026-09-02 11:35:48] [INFO] Standalone download+verify completed for v1.0.0-phptest-6a980a14513f6
[2026-09-02 11:35:48] [INFO] Standalone download of v1.0.1-phptest-6a980a14516d4 from https://github.com/intothisshadow/LumoraGallery/archive/refs/tags/v1.0.1-phptest-6a980a14516d4.zip
[2026-09-02 11:35:48] [ERROR] Standalone download failed from https://github.com/intothisshadow/LumoraGallery/archive/refs/tags/v1.0.1-phptest-6a980a14516d4.zip
[2026-09-02 11:35:48] [INFO] Standalone download of v1.0.2-phptest-6a980a14517ca from https://github.com/intothisshadow/LumoraGallery/archive/refs/tags/v1.0.2-phptest-6a980a14517ca.zip
[2026-09-02 11:35:48] [INFO] Standalone download+verify completed for v1.0.2-phptest-6a980a14517ca
[2026-09-02 11:36:02] [INFO] Full backup deleted: lumora-backup-todelete-6a980a22d58c2.zip
[2026-09-02 11:36:02] [INFO] Full backup deleted: lumora-backup-remove-6a980a22d5b4e.zip
[2026-09-02 11:36:14] [WARNING] Update session force-aborted by administrator
[2026-09-02 11:36:14] [INFO] SHA-256 verified for v1.0.0-phptest-6a980a2e671f5
[2026-09-02 11:36:14] [ERROR] SHA-256 mismatch — expected 0000000000000000000000000000000000000000000000000000000000000000, got 6e8e0dc0cae363d38f1d235dcef33ed226c68dcfd0d7f309501c07d804399d51
[2026-09-02 11:36:14] [WARNING] No SHA-256 available for v0.0.0-phptest-6a980a2e6760e; integrity check skipped
[2026-09-02 11:36:14] [WARNING] No SHA-256 available for v0.0.0-phptest-6a980a2e678c8; integrity check skipped
[2026-09-02 11:36:14] [INFO] Extracted 3 entries to /workspace/LumoraGallery/cache/.updates/extract/
[2026-09-02 11:36:14] [INFO] Downloading v0.0.0-phptest-6a980a2e688c9 from https://example.invalid/lumora-v1.0.0.zip
[2026-09-02 11:36:14] [INFO] Downloaded 18 B to /workspace/LumoraGallery/cache/.updates/lumora-v0.0.0-phptest-6a980a2e688c9.zip
[2026-09-02 11:36:14] [INFO] Downloading v0.0.0-phptest-6a980a2e68a7b from https://example.invalid/lumora-v1.0.0.zip
[2026-09-02 11:36:14] [ERROR] Download failed from https://example.invalid/lumora-v1.0.0.zip
[2026-09-02 11:36:14] [INFO] Downloading v0.0.0-phptest-6a980a2e68bfa from https://example.invalid/lumora-v1.0.0.zip
[2026-09-02 11:36:14] [ERROR] Download failed from https://example.invalid/lumora-v1.0.0.zip
[2026-09-02 11:36:14] [INFO] Archive already present at /workspace/LumoraGallery/cache/.updates/lumora-v0.0.0-phptest-6a980a2e68d58.zip; skipping download
[2026-09-02 11:36:14] [INFO] Archive already present at /workspace/LumoraGallery/cache/.updates/lumora-v0.0.0-phptest-6a980a2e68eda.zip; skipping download
[2026-09-02 11:36:14] [INFO] Preflight passed for v9.9.9-phptest via GitHub Releases
[2026-09-02 11:36:14] [INFO] Preflight passed for v3.3.3-phptest via GitHub Releases
[2026-09-02 11:36:14] [INFO] Manual ZIP upload accepted for v9.8.7 (2 entries)
[2026-09-02 11:36:14] [INFO] Manual ZIP upload accepted for v9.8.8 (1 entries)
[2026-09-02 11:36:14] [INFO] Manual ZIP upload accepted for v9.8.9 (1 entries)
[2026-09-02 11:36:14] [INFO] Standalone download of v1.0.0-phptest-6a980a2e6aa0b from https://github.com/intothisshadow/LumoraGallery/archive/refs/tags/v1.0.0-phptest-6a980a2e6aa0b.zip
[2026-09-02 11:36:14] [INFO] Standalone download+verify completed for v1.0.0-phptest-6a980a2e6aa0b
[2026-09-02 11:36:14] [INFO] Standalone download of v1.0.1-phptest-6a980a2e6ad02 from https://github.com/intothisshadow/LumoraGallery/archive/refs/tags/v1.0.1-phptest-6a980a2e6ad02.zip
[2026-09-02 11:36:14] [ERROR] Standalone download failed from https://github.com/intothisshadow/LumoraGallery/archive/refs/tags/v1.0.1-phptest-6a980a2e6ad02.zip
[2026-09-02 11:36:14] [INFO] Standalone download of v1.0.2-phptest-6a980a2e6ae00 from https://github.com/intothisshadow/LumoraGallery/archive/refs/tags/v1.0.2-phptest-6a980a2e6ae00.zip
[2026-09-02 11:36:14] [INFO] Standalone download+verify completed for v1.0.2-phptest-6a980a2e6ae00
